ASCII:97 CHAR:a COUNT:4
ASCII:98 CHAR:b COUNT:3
ASCII:99 CHAR:c COUNT:2
ASCII:100 CHAR:d COUNT:1
